
   FAIL  Tests\Feature\Auth\AuthenticationTest
  Ô¿» login screen can be rendered
  Ô¿» users can authenticate using the login screen
  Ô¿» users can not authenticate with invalid password
  Ô¿» users can logout
  ÔöÇÔöÇÔöÇÔöÇÔöÇÔöÇÔöÇÔöÇÔöÇÔöÇÔöÇÔöÇÔöÇÔöÇÔöÇÔöÇÔöÇÔöÇ  
  ÔÇª  QueryException   
  SQLSTATE[HY000]: General error: 1 near "MODIFY": syntax error (Connection: sqlite, SQL: ALTER TABLE bookings MODIFY COLUMN status ENUM('pending', 'confirmed', 'cancelled', 'refunded') DEFAULT 'pending')

  at vendor\laravel\framework\src\Illuminate\Database\Connection.php:826
    822Ôûò                     $this->getName(), $query, $this->prepareBindings($bindings), $e
    823Ôûò                 );
    824Ôûò             }
    825Ôûò 
  Ô×£ 826Ôûò             throw new QueryException(
    827Ôûò                 $this->getName(), $query, $this->prepareBindings($bindings), $e
    828Ôûò             );
    829Ôûò         }
    830Ôûò     }

  1   vendor\laravel\framework\src\Illuminate\Database\Connection.php:826

  2   vendor\laravel\framework\src\Illuminate\Database\Connection.php:564
      NunoMaduro\Collision\Exceptions\TestException::("SQLSTATE[HY000]: General error: 1 near "MODIFY": syntax error")

  ÔöÇÔöÇÔöÇÔöÇÔöÇÔöÇÔöÇÔöÇÔöÇÔöÇÔöÇÔöÇÔöÇÔöÇÔöÇÔöÇÔöÇÔöÇ  
  ÔÇª  QueryException   
  SQLSTATE[HY000]: General error: 1 near "MODIFY": syntax error (Connection: sqlite, SQL: ALTER TABLE bookings MODIFY COLUMN status ENUM('pending', 'confirmed', 'cancelled', 'refunded') DEFAULT 'pending')

  at vendor\laravel\framework\src\Illuminate\Database\Connection.php:826
    822Ôûò                     $this->getName(), $query, $this->prepareBindings($bindings), $e
    823Ôûò                 );
    824Ôûò             }
    825Ôûò 
  Ô×£ 826Ôûò             throw new QueryException(
    827Ôûò                 $this->getName(), $query, $this->prepareBindings($bindings), $e
    828Ôûò             );
    829Ôûò         }
    830Ôûò     }

  1   vendor\laravel\framework\src\Illuminate\Database\Connection.php:826

  2   vendor\laravel\framework\src\Illuminate\Database\Connection.php:564
      NunoMaduro\Collision\Exceptions\TestException::("SQLSTATE[HY000]: General error: 1 near "MODIFY": syntax error")

  ÔöÇÔöÇÔöÇÔöÇÔöÇÔöÇÔöÇÔöÇÔöÇÔöÇÔöÇÔöÇÔöÇÔöÇÔöÇÔöÇÔöÇÔöÇ  
  ÔÇª  QueryException   
  SQLSTATE[HY000]: General error: 1 near "MODIFY": syntax error (Connection: sqlite, SQL: ALTER TABLE bookings MODIFY COLUMN status ENUM('pending', 'confirmed', 'cancelled', 'refunded') DEFAULT 'pending')

  at vendor\laravel\framework\src\Illuminate\Database\Connection.php:826
    822Ôûò                     $this->getName(), $query, $this->prepareBindings($bindings), $e
    823Ôûò                 );
    824Ôûò             }
    825Ôûò 
  Ô×£ 826Ôûò             throw new QueryException(
    827Ôûò                 $this->getName(), $query, $this->prepareBindings($bindings), $e
    828Ôûò             );
    829Ôûò         }
    830Ôûò     }

  1   vendor\laravel\framework\src\Illuminate\Database\Connection.php:826

  2   vendor\laravel\framework\src\Illuminate\Database\Connection.php:564
      NunoMaduro\Collision\Exceptions\TestException::("SQLSTATE[HY000]: General error: 1 near "MODIFY": syntax error")

  ÔöÇÔöÇÔöÇÔöÇÔöÇÔöÇÔöÇÔöÇÔöÇÔöÇÔöÇÔöÇÔöÇÔöÇÔöÇÔöÇÔöÇÔöÇ  
  ÔÇª  QueryException   
  SQLSTATE[HY000]: General error: 1 near "MODIFY": syntax error (Connection: sqlite, SQL: ALTER TABLE bookings MODIFY COLUMN status ENUM('pending', 'confirmed', 'cancelled', 'refunded') DEFAULT 'pending')

  at vendor\laravel\framework\src\Illuminate\Database\Connection.php:826
    822Ôûò                     $this->getName(), $query, $this->prepareBindings($bindings), $e
    823Ôûò                 );
    824Ôûò             }
    825Ôûò 
  Ô×£ 826Ôûò             throw new QueryException(
    827Ôûò                 $this->getName(), $query, $this->prepareBindings($bindings), $e
    828Ôûò             );
    829Ôûò         }
    830Ôûò     }

  1   vendor\laravel\framework\src\Illuminate\Database\Connection.php:826

  2   vendor\laravel\framework\src\Illuminate\Database\Connection.php:564
      NunoMaduro\Collision\Exceptions\TestException::("SQLSTATE[HY000]: General error: 1 near "MODIFY": syntax error")


  Tests:    4 failed (0 assertions)
  Duration: 2.85s

